// Jest Snapshot v1, https://goo.gl/fbAQLP

exports[`<InputNumbersComponent /> Renders InputNumbersComponent 1`] = `
<DocumentFragment>
  <div
    class="mt-8 w-full max-w-md"
  >
    <form
      class="bg-white p-6 rounded-lg shadow-lg w-full max-w-md"
    >
      <div
        class="mb-4 flex items-center space-x-2"
      >
        <input
          class="w-full px-4 py-2 border border-gray-300 rounded-lg focus:outline-none focus:ring-2 focus:ring-blue-500"
          data-testid="input-field"
          id="inputField"
          name="numbers"
          placeholder="Enter numbers, e.g. 1,2,3"
          type="text"
        />
        <button
          class="top-2 right-2 px-4 py-2 bg-blue-500 text-white font-semibold rounded-md hover:bg-blue-600 focus:outline-none focus:ring-2 focus:ring-blue-500"
          data-testid="submit-button"
        >
          Enter
        </button>
      </div>
      <div
        class="h-3"
      />
    </form>
  </div>
</DocumentFragment>
`;
