// Jest Snapshot v1, https://goo.gl/fbAQLP

exports[`<ResultComponent /> Renders ResultComponent 1`] = `
<DocumentFragment>
  <div
    class="mt-8 w-full max-w-md pb-10"
  >
    <ul
      class="space-y-2"
    >
      <li
        class="bg-white p-4 rounded-lg shadow-md border border-gray-200"
      >
        <p
          class="text-gray-700"
        >
          pA: 0, pB: 1, Sum: 2
        </p>
      </li>
      <li
        class="bg-white p-4 rounded-lg shadow-md border border-gray-200"
      >
        <p
          class="text-gray-700"
        >
          pA: 1, pB: 2, Sum: 3
        </p>
      </li>
    </ul>
  </div>
</DocumentFragment>
`;
